// Jest Snapshot v1, https://goo.gl/fbAQLP

exports[`renders avatar with icon component 1`] = `
<div
  class="undefined makeStyles-root-1"
  data-testid="account-avatar"
  style="align-items: center;"
>
  <div
    class="MuiAvatar-root MuiAvatar-circular MuiAvatar-colorDefault css-1cr0a2k-MuiAvatar-root"
  >
    <h6
      class="MuiTypography-root MuiTypography-subtitle2 css-ati914-MuiTypography-root"
      style="text-align: center;"
    >
      A
    </h6>
  </div>
  <img
    alt="icon"
    src="/res/icons/down-arrow.png"
    style="margin-right: 5px; height: 24px; width: 24px;"
  />
</div>
`;
