// Jest Snapshot v1, https://goo.gl/fbAQLP

exports[`MyLibrary Template Render MyLibrary Template 1`] = `
<div
  class="entrepreneurship-container"
  data-testid="entrepreneurship-template-id"
>
  <div>
    Dummy View
  </div>
  <div
    class="MuiBox-root css-but0jo"
  >
    <div
      class="MuiBox-root css-7822g1"
    >
      <div
        class="MuiGrid-root MuiGrid-container MuiGrid-spacing-xs-10 MuiGrid-direction-xs-column css-wldefx-MuiGrid-root"
      >
        <div
          class="MuiGrid-root MuiGrid-item css-pqkznn-MuiGrid-root"
        >
          <div>
            Dummy View
          </div>
        </div>
        <div
          class="MuiGrid-root MuiGrid-item css-1kfl3yl-MuiGrid-root"
        >
          <div>
            Dummy View
          </div>
        </div>
        <div
          class="MuiGrid-root MuiGrid-item css-13i4rnv-MuiGrid-root"
        >
          <div
            class="MuiTypography-root MuiTypography-heading3 css-37jdci-MuiTypography-root"
            style="margin-bottom: 15px;"
          >
            Trending Blinks
          </div>
          <div
            class="MuiBox-root css-tcwb5a"
            data-testid="trending-blinks-id"
          >
            <div
              class="MuiPaper-root MuiPaper-elevation MuiPaper-rounded MuiPaper-elevation1 MuiCard-root makeStyles-bookCardStyles-1 makeStyles-cardContainer-2 css-31xq66-MuiPaper-root-MuiCard-root"
              data-testid="book-card-id"
            >
              <img
                alt="Book Cover"
                class="MuiCardMedia-root MuiCardMedia-media MuiCardMedia-img css-o69gx8-MuiCardMedia-root"
                height="350"
                src="/res/cover images/1.png"
              />
              <div
                class="MuiCardContent-root css-46bh2p-MuiCardContent-root"
              >
                <div
                  class="card-content-wrapper"
                >
                  <div
                    class="makeStyles-cardContentWrapperELement-3"
                  >
                    <div
                      class="MuiTypography-root MuiTypography-subtitle1 css-14vjfu0-MuiTypography-root"
                    >
                      Bring Your Human to Work
                    </div>
                  </div>
                  <div
                    class="makeStyles-cardContentWrapperELement-3"
                  >
                    <div
                      class="MuiTypography-root MuiTypography-body1 css-1m75f5p-MuiTypography-root"
                    >
                      Erica Keswin
                    </div>
                  </div>
                  <div
                    class="makeStyles-readElement-4 makeStyles-cardContentWrapperELement-3"
                  >
                    <div
                      class="read-time"
                      style="display: flex; align-items: center;"
                    >
                      <img
                        alt="icon"
                        src="/res/icons/clock.png"
                        style="margin-right: 5px;"
                      />
                      <div
                        class="MuiTypography-root MuiTypography-caption3 css-1gmjhmd-MuiTypography-root"
                      >
                        13
                        -minute read
                      </div>
                    </div>
                    
                  </div>
                  
                </div>
              </div>
              <button
                class="MuiButton-root MuiButton-outlined MuiButton-outlinedPrimary MuiButton-sizeLarge MuiButton-outlinedSizeLarge MuiButtonBase-root makeStyles-addToLib-5 css-r1tzy3-MuiButtonBase-root-MuiButton-root"
                id="cardButtonId"
                tabindex="0"
                type="button"
              >
                <span
                  class="MuiButton-startIcon MuiButton-iconSizeLarge css-htszrh-MuiButton-startIcon"
                >
                  <svg
                    aria-hidden="true"
                    class="MuiSvgIcon-root MuiSvgIcon-fontSizeMedium css-i4bv87-MuiSvgIcon-root"
                    data-testid="AddIcon"
                    focusable="false"
                    viewBox="0 0 24 24"
                  >
                    <path
                      d="M19 13h-6v6h-2v-6H5v-2h6V5h2v6h6v2z"
                    />
                  </svg>
                </span>
                <div
                  class="MuiTypography-root MuiTypography-body1 css-ahj2mt-MuiTypography-root"
                >
                  Add To Library
                </div>
              </button>
            </div>
          </div>
        </div>
        <div
          class="MuiGrid-root MuiGrid-item css-13i4rnv-MuiGrid-root"
        >
          <div
            class="MuiTypography-root MuiTypography-heading3 css-37jdci-MuiTypography-root"
            style="margin-bottom: 15px;"
          >
            Just added
          </div>
          <div
            class="MuiBox-root css-tcwb5a"
            data-testid="just-added-blinks-id"
          />
        </div>
        <div
          class="MuiGrid-root MuiGrid-item css-13i4rnv-MuiGrid-root"
        >
          <div
            class="MuiTypography-root MuiTypography-heading3 css-37jdci-MuiTypography-root"
            style="margin-bottom: 15px;"
          >
            Featured audio Blinks
          </div>
          <div
            class="MuiBox-root css-tcwb5a"
            data-testid="featured-audio-blinks-id"
          />
        </div>
      </div>
    </div>
  </div>
  <div>
    Dummy View
  </div>
</div>
`;
