// Jest Snapshot v1, https://goo.gl/fbAQLP

exports[`Search Bar renders a SearchBar 1`] = `
<input
  aria-invalid="false"
  class="MuiInput-input MuiInputBase-input MuiInputBase-inputAdornedStart css-1x51dt5-MuiInputBase-input-MuiInput-input"
  id="mui-1"
  placeholder="Search by title or author"
  type="text"
  value=""
/>
`;
